[2026-03-06--16-13-50 INFO actix_server::builder] starting 5 workers
[2026-03-06--16-13-50 INFO actix_server::server] Tokio runtime found; starting in existing Tokio runtime
[2026-03-06--16-13-50 INFO actix_server::server] starting service: "actix-web-service-127.0.0.1:18488", workers: 5, listening on: 127.0.0.1:18488
[2026-03-06--16-13-50 INFO parity_ws] Listening for new connections on 127.0.0.1:8900.
[2026-03-06--16-14-10 INFO parity_ws::io] Accepted a new tcp connection from 127.0.0.1:55110.
[2026-03-06--16-14-12 ERROR litesvm] Program account 6uiX9YKHzBVws1TU8haqkZaRkz9v5knmizcPUwFy23Mv is not executable.
[2026-03-06--16-14-12 ERROR litesvm] Program account 6uiX9YKHzBVws1TU8haqkZaRkz9v5knmizcPUwFy23Mv is not executable.
[2026-03-06--16-14-13 ERROR litesvm] Program account 6uiX9YKHzBVws1TU8haqkZaRkz9v5knmizcPUwFy23Mv is not executable.
[2026-03-06--16-14-13 ERROR litesvm] Program account 6uiX9YKHzBVws1TU8haqkZaRkz9v5knmizcPUwFy23Mv is not executable.
[2026-03-06--16-14-13 ERROR litesvm] Program account 6uiX9YKHzBVws1TU8haqkZaRkz9v5knmizcPUwFy23Mv is not executable.
[2026-03-06--16-14-13 ERROR litesvm] Program account 6uiX9YKHzBVws1TU8haqkZaRkz9v5knmizcPUwFy23Mv is not executable.
[2026-03-06--16-14-13 ERROR litesvm] Program account 6uiX9YKHzBVws1TU8haqkZaRkz9v5knmizcPUwFy23Mv is not executable.
[2026-03-06--16-14-13 ERROR litesvm] Program account 6uiX9YKHzBVws1TU8haqkZaRkz9v5knmizcPUwFy23Mv is not executable.
[2026-03-06--16-14-13 ERROR litesvm] Program account 6uiX9YKHzBVws1TU8haqkZaRkz9v5knmizcPUwFy23Mv is not executable.
[2026-03-06--16-14-13 ERROR litesvm] Program account 6uiX9YKHzBVws1TU8haqkZaRkz9v5knmizcPUwFy23Mv is not executable.
[2026-03-06--16-14-14 ERROR litesvm] Program account 6uiX9YKHzBVws1TU8haqkZaRkz9v5knmizcPUwFy23Mv is not executable.
[2026-03-06--16-14-14 ERROR litesvm] Program account 6uiX9YKHzBVws1TU8haqkZaRkz9v5knmizcPUwFy23Mv is not executable.
[2026-03-06--16-14-14 ERROR litesvm] Program account 6uiX9YKHzBVws1TU8haqkZaRkz9v5knmizcPUwFy23Mv is not executable.
[2026-03-06--16-14-14 ERROR litesvm] Program account 6uiX9YKHzBVws1TU8haqkZaRkz9v5knmizcPUwFy23Mv is not executable.
[2026-03-06--16-14-23 INFO actix_server::accept] accept thread stopped
[2026-03-06--16-14-23 INFO actix_server::worker] shutting down idle worker
[2026-03-06--16-14-23 INFO actix_server::worker] shutting down idle worker
[2026-03-06--16-14-23 INFO actix_server::worker] shutting down idle worker
[2026-03-06--16-14-23 INFO actix_server::worker] shutting down idle worker
[2026-03-06--16-14-23 INFO actix_server::worker] shutting down idle worker
